// Jest Snapshot v1, https://goo.gl/fbAQLP

exports[`<FormTextArea /> Basic smoke tests should match snapshot 1`] = `
<textarea
  class="text_area.styles_getTextAreaInnerStyles__1l2bu6hc text_area.styles__1l2bu6hb get_sprinkles_width_100%_mobile__eiij7bd1 text_area.styles_getTextAreaInnerStyles_innerSize_md__1l2bu6he text_area.styles_innerSize_md__1l2bu6h4 element_size_elementPaddingY_md__1f6zrvm element_size__1f6zrvj get_sprinkles_paddingTop_spacing1__eiij7b9z get_sprinkles_paddingBottom_spacing1__eiij7b92"
  name="Name ipsum"
  placeholder="Placeholder ipsum"
/>
`;
