// Jest Snapshot v1, https://goo.gl/fbAQLP

exports[`Given required props, matches snapshot 1`] = `
<input
  class="input.styles_input__3x32wp1 input.styles__3x32wp0 get_sprinkles_width_100%_mobile__eiij7bae globalDisabledStyles_globalDisabledStyles__1t4g5d00 globalFocusStyles_globalFocusStyles__1dgcopm0 globalVariantsUiScale_globalVariantsUiScale_md__ugxx5e4 globalVariantsUiScale__ugxx5e1 get_sprinkles_fontSize_body_lg__eiij7b8u get_sprinkles_lineHeight_body_lg__eiij7b95"
  data-testid="tested-component"
  id="input"
  name="Test input"
  placeholder="test placeholder"
  value=""
/>
`;
