// Jest Snapshot v1, https://goo.gl/fbAQLP

exports[`<FormInput /> Basic smoke tests should match snapshot 1`] = `
<input
  class="input.styles_getInputStyles__3x32wp4 input.styles__3x32wp3 get_sprinkles_width_100%_mobile__eiij7bap a11y_a11yDisabled__r8he5t1 input.styles_getInputStyles_size_md__3x32wp6 input.styles_size_md__3x32wp1 element_size_elementFontSize_md__1f6zrv4 element_size__1f6zrv1 get_sprinkles_fontSize_body_md__eiij7b91 get_sprinkles_lineHeight_body_md__eiij7b9d element_size_elementPadding_md__1f6zrva element_size__1f6zrv7 get_sprinkles_paddingLeft_spacing1.5__eiij7b7z get_sprinkles_paddingRight_spacing1.5__eiij7b8a get_sprinkles_paddingTop_spacing1__eiij7b8k get_sprinkles_paddingBottom_spacing1__eiij7b7n"
  name="Name ipsum"
  placeholder="Placeholder ipsum"
  value=""
/>
`;
