// Jest Snapshot v1, https://goo.gl/fbAQLP

exports[`<FormTextArea /> Basic smoke tests should match snapshot 1`] = `
<textarea
  aria-invalid="false"
  class="styles_getTextAreaStyles__av7fip7 styles__av7fip6 get_sprinkles_width_100%_mobile__eiij7bgn a11y_a11yDisabled__r8he5t1 a11y_a11yFocus__r8he5t2 styles_getTextAreaStyles_size_md__av7fip9 styles_size_md__av7fip4 element_size_elementFontSize_md__1f6zrv4 element_size__1f6zrv1 get_sprinkles_fontSize_body_md__eiij7b21 get_sprinkles_lineHeight_body_md__eiij7b3f element_size_elementPadding_md__1f6zrva element_size__1f6zrv7 get_sprinkles_paddingLeft_spacing_1.5_mobile__eiij7bdz get_sprinkles_paddingRight_spacing_1.5_mobile__eiij7bew get_sprinkles_paddingTop_spacing_1_mobile__eiij7bfq get_sprinkles_paddingBottom_spacing_1_mobile__eiij7bcz styles__av7fip1 get_sprinkles_minHeight_spacing_5__eiij7b7a"
  name="Name ipsum"
  placeholder="Placeholder ipsum"
/>
`;
