// Jest Snapshot v1, https://goo.gl/fbAQLP

exports[`Renders without error 1`] = `
<div
  class="get_sprinkles_position_relative__eiij7b9x get_sprinkles_color_text_default_high_contrast__eiij7b23"
  data-testid="tested-component"
>
  <button
    aria-activedescendant=""
    aria-controls="downshift-0-menu"
    aria-expanded="false"
    aria-haspopup="listbox"
    aria-labelledby="downshift-0-label"
    class="button.styles_getButtonStyles__3vuwsil globalFocusStyles_globalFocusStyles__1dgcopm0 globalDisabledStyles_globalDisabledStyles__1t4g5d00 button.styles_buttonTheme__3vuwsi0 button.styles__3vuwsij get_sprinkles_borderRadius_md__eiij7ba get_sprinkles_display_inline-flex_mobile__eiij7be2 get_sprinkles_gap_spacing1__eiij7b2r get_sprinkles_alignItems_center__eiij7b2f get_sprinkles_textDecoration_none__eiij7ba4 button.styles_getButtonStyles_color_default__3vuwsip button.styles_variantColor_default__3vuwsia button.styles_buttonTheme__3vuwsi0 button.styles_getButtonStyles_size_md__3vuwsiu globalVariantsUiScale_globalVariantsUiScale_md__ugxx5e4 globalVariantsUiScale__ugxx5e1 get_sprinkles_fontSize_body_lg__eiij7b8u get_sprinkles_lineHeight_body_lg__eiij7b95 get_sprinkles_width_100%_mobile__eiij7bae get_sprinkles_justifyContent_space-between__eiij7b33"
    iconrightprops="[object Object]"
    id="test-dropdown"
    name="test-dropdown"
    role="combobox"
    tabindex="0"
    type="button"
  >
    foo
    <svg
      aria-hidden="true"
      class="svg-inline--fa fa-angle-down icon.styles_icon__15uu6ts0 get_sprinkles_flexShrink_0__eiij7b2n"
      data-icon="angle-down"
      data-prefix="fas"
      focusable="false"
      role="img"
      viewBox="0 0 448 512"
      xmlns="http://www.w3.org/2000/svg"
    >
      <path
        d="M201.4 342.6c12.5 12.5 32.8 12.5 45.3 0l160-160c12.5-12.5 12.5-32.8 0-45.3s-32.8-12.5-45.3 0L224 274.7 86.6 137.4c-12.5-12.5-32.8-12.5-45.3 0s-12.5 32.8 0 45.3l160 160z"
        fill="currentColor"
      />
    </svg>
  </button>
  <div
    aria-labelledby="downshift-0-label"
    class="DropdownMenu_dropdownMenu__1e3s7r1 globalFocusStyles_globalFocusStyles__1dgcopm0 DropdownMenu__1e3s7r0 get_sprinkles_marginTop_spacing1__eiij7b4s get_sprinkles_width_max-content_mobile__eiij7bat get_sprinkles_minWidth_100%__eiij7b64 get_sprinkles_maxWidth_gridSpan3__eiij7b5t get_sprinkles_display_block_mobile__eiij7bdq get_sprinkles_margin_none__eiij7b3c get_sprinkles_borderRadius_sm__eiij7bb get_sprinkles_overflow_hidden__eiij7b7g get_sprinkles_background_bg_default__eiij7b1g get_sprinkles_boxShadow_sm__eiij7b6 get_sprinkles_border_border_default__eiij7bc get_sprinkles_overflowY_auto__eiij7b7h DropdownMenu_dropdownMenuClosed__1e3s7r4 get_sprinkles_color_text_default_high_contrast__eiij7b23"
    id="downshift-0-menu"
    role="listbox"
  >
    <div
      class="DropdownMenu_dropdownListInner__1e3s7r3 DropdownMenu__1e3s7r2 get_sprinkles_color_text_default_high_contrast__eiij7b23"
    >
      <span
        aria-selected="false"
        as="span"
        class="DropdownListItem_getDropdownListItemStyles__fd3rju1 globalFocusStyles_globalFocusStyles__1dgcopm0 globalDisabledStyles_globalDisabledStyles__1t4g5d00 DropdownListItem__fd3rju0 get_sprinkles_paddingLeft_spacing1__eiij7b7v get_sprinkles_paddingRight_spacing1__eiij7b85 get_sprinkles_display_flex_mobile__eiij7bdt get_sprinkles_alignItems_center__eiij7b2f get_sprinkles_textDecoration_none__eiij7ba4 get_sprinkles_width_100%_mobile__eiij7bae get_sprinkles_textAlign_left__eiij7ba1 get_sprinkles_color_text_default_high_contrast__eiij7b23 get_sprinkles_whiteSpace_nowrap__eiij7ba8 get_sprinkles_margin_none__eiij7b3c get_sprinkles_gap_spacing0__eiij7b2q DropdownListItem_getDropdownListItemStyles_size_md__fd3rju3 globalVariantsUiScale_globalVariantsUiScale_md__ugxx5e4 globalVariantsUiScale__ugxx5e1 get_sprinkles_fontSize_body_lg__eiij7b8u get_sprinkles_lineHeight_body_lg__eiij7b95 DropdownListItem_isSelected__fd3rju6 get_sprinkles_color_text_default_high_contrast__eiij7b23"
        id="downshift-0-item-0"
        role="option"
      >
        foo
      </span>
      <span
        aria-selected="false"
        as="span"
        class="DropdownListItem_getDropdownListItemStyles__fd3rju1 globalFocusStyles_globalFocusStyles__1dgcopm0 globalDisabledStyles_globalDisabledStyles__1t4g5d00 DropdownListItem__fd3rju0 get_sprinkles_paddingLeft_spacing1__eiij7b7v get_sprinkles_paddingRight_spacing1__eiij7b85 get_sprinkles_display_flex_mobile__eiij7bdt get_sprinkles_alignItems_center__eiij7b2f get_sprinkles_textDecoration_none__eiij7ba4 get_sprinkles_width_100%_mobile__eiij7bae get_sprinkles_textAlign_left__eiij7ba1 get_sprinkles_color_text_default_high_contrast__eiij7b23 get_sprinkles_whiteSpace_nowrap__eiij7ba8 get_sprinkles_margin_none__eiij7b3c get_sprinkles_gap_spacing0__eiij7b2q DropdownListItem_getDropdownListItemStyles_size_md__fd3rju3 globalVariantsUiScale_globalVariantsUiScale_md__ugxx5e4 globalVariantsUiScale__ugxx5e1 get_sprinkles_fontSize_body_lg__eiij7b8u get_sprinkles_lineHeight_body_lg__eiij7b95 get_sprinkles_color_text_default_high_contrast__eiij7b23"
        id="downshift-0-item-1"
        role="option"
      >
        bar
      </span>
      <span
        aria-selected="false"
        as="span"
        class="DropdownListItem_getDropdownListItemStyles__fd3rju1 globalFocusStyles_globalFocusStyles__1dgcopm0 globalDisabledStyles_globalDisabledStyles__1t4g5d00 DropdownListItem__fd3rju0 get_sprinkles_paddingLeft_spacing1__eiij7b7v get_sprinkles_paddingRight_spacing1__eiij7b85 get_sprinkles_display_flex_mobile__eiij7bdt get_sprinkles_alignItems_center__eiij7b2f get_sprinkles_textDecoration_none__eiij7ba4 get_sprinkles_width_100%_mobile__eiij7bae get_sprinkles_textAlign_left__eiij7ba1 get_sprinkles_color_text_default_high_contrast__eiij7b23 get_sprinkles_whiteSpace_nowrap__eiij7ba8 get_sprinkles_margin_none__eiij7b3c get_sprinkles_gap_spacing0__eiij7b2q DropdownListItem_getDropdownListItemStyles_size_md__fd3rju3 globalVariantsUiScale_globalVariantsUiScale_md__ugxx5e4 globalVariantsUiScale__ugxx5e1 get_sprinkles_fontSize_body_lg__eiij7b8u get_sprinkles_lineHeight_body_lg__eiij7b95 get_sprinkles_color_text_default_high_contrast__eiij7b23"
        id="downshift-0-item-2"
        role="option"
      >
        bob
      </span>
      <span
        aria-selected="false"
        as="span"
        class="DropdownListItem_getDropdownListItemStyles__fd3rju1 globalFocusStyles_globalFocusStyles__1dgcopm0 globalDisabledStyles_globalDisabledStyles__1t4g5d00 DropdownListItem__fd3rju0 get_sprinkles_paddingLeft_spacing1__eiij7b7v get_sprinkles_paddingRight_spacing1__eiij7b85 get_sprinkles_display_flex_mobile__eiij7bdt get_sprinkles_alignItems_center__eiij7b2f get_sprinkles_textDecoration_none__eiij7ba4 get_sprinkles_width_100%_mobile__eiij7bae get_sprinkles_textAlign_left__eiij7ba1 get_sprinkles_color_text_default_high_contrast__eiij7b23 get_sprinkles_whiteSpace_nowrap__eiij7ba8 get_sprinkles_margin_none__eiij7b3c get_sprinkles_gap_spacing0__eiij7b2q DropdownListItem_getDropdownListItemStyles_size_md__fd3rju3 globalVariantsUiScale_globalVariantsUiScale_md__ugxx5e4 globalVariantsUiScale__ugxx5e1 get_sprinkles_fontSize_body_lg__eiij7b8u get_sprinkles_lineHeight_body_lg__eiij7b95 get_sprinkles_color_text_default_high_contrast__eiij7b23"
        id="downshift-0-item-3"
        role="option"
      >
        alice
      </span>
    </div>
  </div>
</div>
`;
