// Jest Snapshot v1, https://goo.gl/fbAQLP

exports[`<Slider /> Basic smoke tests should match snapshot 1`] = `
<div>
  <div
    class="get_sprinkles_color_text_low_contrast__eiij7b1k"
  >
    <div
      class="get_sprinkles_alignItems_center__eiij7b2 get_sprinkles_display_flex_mobile__eiij7bay get_sprinkles_gap_space_2_mobile__eiij7bcg"
    >
      <span
        aria-disabled="false"
        aria-label="Name ipsum"
        class="styles_sliderRoot__oj3mu21 styles__oj3mu20 get_sprinkles_marginTop_space_2__eiij7b69 get_sprinkles_marginBottom_space_2__eiij7b4o get_sprinkles_alignItems_center__eiij7b2 get_sprinkles_display_flex_mobile__eiij7bay get_sprinkles_position_relative_mobile__eiij7bmj get_sprinkles_width_100%_mobile__eiij7bn1"
        data-orientation="horizontal"
        dir="ltr"
        style="--radix-slider-thumb-transform: translateX(-50%);"
      >
        <span
          class="styles_sliderTrack__oj3mu23 styles__oj3mu22 get_sprinkles_borderRadius_sm__eiij7b10 get_sprinkles_position_relative_mobile__eiij7bmj"
          data-orientation="horizontal"
        >
          <span
            class="styles_sliderRange__oj3mu25 styles__oj3mu24 get_sprinkles_background_button_default__eiij7bf get_sprinkles_borderRadius_pill__eiij7bz get_sprinkles_height_100%__eiij7b2r get_sprinkles_position_absolute_mobile__eiij7bmm"
            data-orientation="horizontal"
            style="left: 0%; right: 100%;"
          />
        </span>
        <span
          style="transform: var(--radix-slider-thumb-transform); position: absolute; left: calc(0% + 0px);"
        >
          <span
            aria-orientation="horizontal"
            aria-valuemax="100"
            aria-valuemin="0"
            aria-valuenow="0"
            class="styles_sliderThumb__oj3mu27 styles__oj3mu26 get_sprinkles_background_tint_default__eiij7bm get_sprinkles_border_border_active__eiij7bq get_sprinkles_borderRadius_50%__eiij7bw get_sprinkles_display_block_mobile__eiij7bav get_sprinkles_height_space_6__eiij7b34 get_sprinkles_width_space_6_mobile__eiij7bp7"
            data-orientation="horizontal"
            data-radix-collection-item=""
            role="slider"
            style=""
            tabindex="0"
          />
        </span>
      </span>
    </div>
  </div>
</div>
`;
