// Jest Snapshot v1, https://goo.gl/fbAQLP

exports[`<InputDate /> should match snapshot 1`] = `
<input
  class="styles_offsetSlotLeftStyle__apgo9he styles_getInputStyles__i53r2q9 styles__i53r2q8 get_sprinkles_width_100%_mobile__eiij7bgl a11y_a11yDisabled__r8he5t1 styles_getInputStyles_hasBorder_true__i53r2qb styles_hasBorder_true__i53r2q7 styles_getInputStyles_size_md__i53r2qd styles_size_md__i53r2q4 element_size_elementFontSize_md__1f6zrv4 element_size__1f6zrv1 get_sprinkles_fontSize_body_md__eiij7b21 get_sprinkles_lineHeight_body_md__eiij7b3f element_size_elementPadding_md__1f6zrva element_size__1f6zrv7 get_sprinkles_paddingLeft_spacing_1.5_mobile__eiij7bdx get_sprinkles_paddingRight_spacing_1.5_mobile__eiij7beu get_sprinkles_paddingTop_spacing_1_mobile__eiij7bfo get_sprinkles_paddingBottom_spacing_1_mobile__eiij7bcx styles__i53r2q1 get_sprinkles_height_spacing_5__eiij7b33 styles_inputDateStyle__1hsl8292"
  id="lorem-ipsum"
  name="Name ipsum"
  placeholder="Placeholder ipsum"
  readonly=""
  value=""
/>
`;
