// Jest Snapshot v1, https://goo.gl/fbAQLP

exports[`<RadioButtonCardGroup /> Basic smoke tests should match snapshot 1`] = `
<div>
  <div>
    <label
      class="styles_getGroupLabelStyles__qbf7ok0 get_sprinkles_alignItems_center__eiij7b2 get_sprinkles_color_text_low_contrast__eiij7b1k get_sprinkles_display_flex_mobile__eiij7bb0 get_sprinkles_fontSize_body_sm__eiij7b22 get_sprinkles_fontWeight_normal__eiij7b2h get_sprinkles_gap_space_1_mobile__eiij7bcf get_sprinkles_marginBottom_space_1__eiij7b4n"
      for="test"
      id="label-test"
    >
      test
    </label>
    <fieldset
      aria-labelledby="label-test"
      class="get_sprinkles_display_flex_mobile__eiij7bb0 get_sprinkles_flexWrap_wrap__eiij7b1y get_sprinkles_gap_space_2_mobile__eiij7bci"
      id="test"
      name="test"
    >
      <label
        class="styles_radioButtonCardLabelStyles__1bqsrmi2 a11y_a11yFocus__r8he5t2 styles__1bqsrmi1 get_sprinkles_alignItems_center__eiij7b2 get_sprinkles_aspectRatio_square__eiij7b6 get_sprinkles_border_border_default__eiij7br get_sprinkles_borderRadius_sm__eiij7b10 get_sprinkles_display_flex_mobile__eiij7bb0 get_sprinkles_gap_space_4_mobile__eiij7bco get_sprinkles_justifyContent_center__eiij7b3h get_sprinkles_padding_space_4_mobile__eiij7bfc get_sprinkles_width_100%_mobile__eiij7bn3 get_sprinkles_position_relative_mobile__eiij7bml"
        for="test-radio_item_1"
      >
        <input
          class="styles_radioButtonCardInputStyles__1bqsrmi0"
          id="test-radio_item_1"
          name="test"
          type="radio"
          value="radio_item_1"
        />
        <div
          class="get_sprinkles_alignItems_center__eiij7b2 get_sprinkles_display_flex_mobile__eiij7bb0 get_sprinkles_flexDirection_column_mobile__eiij7bbr get_sprinkles_justifyContent_center__eiij7b3h get_sprinkles_textAlign_center__eiij7baj"
        >
          <div
            class="get_sprinkles_color_text_low_contrast__eiij7b1k get_sprinkles_marginBottom_space_4__eiij7b4q"
          >
            <svg
              aria-hidden="true"
              class="svg-inline--fa fa-building-columns fa-xl styles_icon__1ej8lf00 get_sprinkles_color_currentColor__eiij7b1o get_sprinkles_flexShrink_0__eiij7b1w"
              data-icon="building-columns"
              data-prefix="fasr"
              focusable="false"
              role="img"
              viewBox="0 0 512 512"
              xmlns="http://www.w3.org/2000/svg"
            >
              <path
                d="M48 192H0V144L256 0 512 144v48H464 48zm366.1-48L256 55.1 97.9 144H228.3c-2.7-4.7-4.3-10.2-4.3-16c0-17.7 14.3-32 32-32s32 14.3 32 32c0 5.8-1.6 11.3-4.3 16H414.1zM64 224h48V384h64V224h48V384h64V224h48V384h64V224h48V384h8 24v48H456 56 32V384H56h8V224zM24 464H488h24v48H488 24 0V464H24z"
                fill="currentColor"
              />
            </svg>
          </div>
          <div
            class="get_sprinkles_alignItems_center__eiij7b2 get_sprinkles_display_flex_mobile__eiij7bb0 get_sprinkles_gap_space_2_mobile__eiij7bci"
          >
            <div
              class="get_sprinkles_color_text_low_contrast__eiij7b1k"
            >
              Radio item 1
            </div>
          </div>
          <div
            class="get_sprinkles_fontSize_body_xs__eiij7b24 get_sprinkles_lineHeight_body_xs__eiij7b3q get_sprinkles_color_text_low_contrast__eiij7b1k"
          >
            Lorem ipsum dolor sit amet, consectetur adipiscing elit.
          </div>
        </div>
      </label>
      <label
        class="styles_radioButtonCardLabelStyles__1bqsrmi2 a11y_a11yFocus__r8he5t2 styles__1bqsrmi1 get_sprinkles_alignItems_center__eiij7b2 get_sprinkles_aspectRatio_square__eiij7b6 get_sprinkles_border_border_default__eiij7br get_sprinkles_borderRadius_sm__eiij7b10 get_sprinkles_display_flex_mobile__eiij7bb0 get_sprinkles_gap_space_4_mobile__eiij7bco get_sprinkles_justifyContent_center__eiij7b3h get_sprinkles_padding_space_4_mobile__eiij7bfc get_sprinkles_width_100%_mobile__eiij7bn3 get_sprinkles_position_relative_mobile__eiij7bml"
        for="test-radio_item_2"
      >
        <input
          class="styles_radioButtonCardInputStyles__1bqsrmi0"
          id="test-radio_item_2"
          name="test"
          type="radio"
          value="radio_item_2"
        />
        <div
          class="get_sprinkles_alignItems_center__eiij7b2 get_sprinkles_display_flex_mobile__eiij7bb0 get_sprinkles_flexDirection_column_mobile__eiij7bbr get_sprinkles_justifyContent_center__eiij7b3h get_sprinkles_textAlign_center__eiij7baj"
        >
          <div
            class="get_sprinkles_color_text_low_contrast__eiij7b1k get_sprinkles_marginBottom_space_4__eiij7b4q"
          >
            <svg
              aria-hidden="true"
              class="svg-inline--fa fa-arrow-right-arrow-left fa-xl styles_icon__1ej8lf00 get_sprinkles_color_currentColor__eiij7b1o get_sprinkles_flexShrink_0__eiij7b1w"
              data-icon="arrow-right-arrow-left"
              data-prefix="fasr"
              focusable="false"
              role="img"
              viewBox="0 0 448 512"
              xmlns="http://www.w3.org/2000/svg"
            >
              <path
                d="M18.2 402.9L111 495.7l17 17 33.9-33.9-17-17L93.1 409.9l330.9 0 24 0 0-48-24 0-330.9 0 55-55 17-17L131.2 256l-17 17-96 96-17 17 17 17zm411.5-256l17-17-17-17-96-96-17-17L282.9 33.9l17 17 55 55L24 105.9l-24 0 0 48 24 0 330.9 0-55 55-17 17 33.9 33.9 17-17 96-96z"
                fill="currentColor"
              />
            </svg>
          </div>
          <div
            class="get_sprinkles_alignItems_center__eiij7b2 get_sprinkles_display_flex_mobile__eiij7bb0 get_sprinkles_gap_space_2_mobile__eiij7bci"
          >
            <div
              class="get_sprinkles_color_text_low_contrast__eiij7b1k"
            >
              Radio item 2
            </div>
          </div>
          <div
            class="get_sprinkles_fontSize_body_xs__eiij7b24 get_sprinkles_lineHeight_body_xs__eiij7b3q get_sprinkles_color_text_low_contrast__eiij7b1k"
          >
            Lorem ipsum dolor sit amet, consectetur adipiscing elit.
          </div>
        </div>
      </label>
      <label
        class="styles_radioButtonCardLabelStyles__1bqsrmi2 a11y_a11yFocus__r8he5t2 styles__1bqsrmi1 get_sprinkles_alignItems_center__eiij7b2 get_sprinkles_aspectRatio_square__eiij7b6 get_sprinkles_border_border_default__eiij7br get_sprinkles_borderRadius_sm__eiij7b10 get_sprinkles_display_flex_mobile__eiij7bb0 get_sprinkles_gap_space_4_mobile__eiij7bco get_sprinkles_justifyContent_center__eiij7b3h get_sprinkles_padding_space_4_mobile__eiij7bfc get_sprinkles_width_100%_mobile__eiij7bn3 get_sprinkles_position_relative_mobile__eiij7bml"
        for="test-radio_item_3"
      >
        <input
          class="styles_radioButtonCardInputStyles__1bqsrmi0"
          id="test-radio_item_3"
          name="test"
          type="radio"
          value="radio_item_3"
        />
        <div
          class="get_sprinkles_alignItems_center__eiij7b2 get_sprinkles_display_flex_mobile__eiij7bb0 get_sprinkles_flexDirection_column_mobile__eiij7bbr get_sprinkles_justifyContent_center__eiij7b3h get_sprinkles_textAlign_center__eiij7baj"
        >
          <div
            class="get_sprinkles_color_text_low_contrast__eiij7b1k get_sprinkles_marginBottom_space_4__eiij7b4q"
          >
            <svg
              aria-hidden="true"
              class="svg-inline--fa fa-shapes fa-xl styles_icon__1ej8lf00 get_sprinkles_color_currentColor__eiij7b1o get_sprinkles_flexShrink_0__eiij7b1w"
              data-icon="shapes"
              data-prefix="fasr"
              focusable="false"
              role="img"
              viewBox="0 0 512 512"
              xmlns="http://www.w3.org/2000/svg"
            >
              <path
                d="M160 224h55.3H360.7 416l-27.4-48L315.6 48.4 288 0 260.4 48.4 187.4 176 160 224zM288 96.7L333.3 176H242.7L288 96.7zM128 304a80 80 0 1 1 0 160 80 80 0 1 1 0-160zm0 208a128 128 0 1 0 0-256 128 128 0 1 0 0 256zM464 320V448H336V320H464zM336 272H288v48V448v48h48H464h48V448 320 272H464 336z"
                fill="currentColor"
              />
            </svg>
          </div>
          <div
            class="get_sprinkles_alignItems_center__eiij7b2 get_sprinkles_display_flex_mobile__eiij7bb0 get_sprinkles_gap_space_2_mobile__eiij7bci"
          >
            <div
              class="get_sprinkles_color_text_low_contrast__eiij7b1k"
            >
              Radio item 3
            </div>
          </div>
          <div
            class="get_sprinkles_fontSize_body_xs__eiij7b24 get_sprinkles_lineHeight_body_xs__eiij7b3q get_sprinkles_color_text_low_contrast__eiij7b1k"
          >
            Lorem ipsum dolor sit amet, consectetur adipiscing elit.
          </div>
        </div>
      </label>
    </fieldset>
  </div>
</div>
`;
