// Jest Snapshot v1, https://goo.gl/fbAQLP

exports[`<SelectSingle /> Basic smoke tests should match snapshot 1`] = `
<input
  aria-activedescendant=""
  aria-autocomplete="list"
  aria-controls="downshift-15-menu"
  aria-expanded="false"
  aria-labelledby="downshift-15-label"
  autocomplete="off"
  class="input.styles_input__3x32wp1 input.styles__3x32wp0 get_sprinkles_width_100%_mobile__eiij7b9y a11y_a11yDisabled__r8he5t1 element_size_elementSize_md__1f6zrv4 element_size__1f6zrv1 get_sprinkles_fontSize_body_lg__eiij7b8e get_sprinkles_lineHeight_body_lg__eiij7b8p"
  id="lorem-ipsum"
  name="Lorem ipsum"
  placeholder="Select a thing"
  readonly=""
  role="combobox"
  value=""
/>
`;
